Files in utils
------------------------------------------------------------------------------

  Name                      Size       Description                   From
> ARCHIVE.ZIP               4.0 KB     A compressed archive          austin
  README.TXT                812 B      Notes about this area         bob
  BIG.IMG                   4.2 MB     A disk image                  austin

up/down move · enter details · d describe · q back