Files in meshwide
------------------------------------------------------------------------------

  Name                      Size       Description               Held by
> REMOTE.ZIP                878.9 KB   Held over there           pnw

1 file is held by another BBS. File listings travel the mesh; the files
themselves never do, so those are not downloadable from here.

up/down move · enter details · q back