REMOTE.ZIP
------------------------------------------------------------------------------

REMOTE.ZIP
878.9 KB  ·  900000 bytes  ·  2023-11-14 22:18

Held over there

Held by pnw (YJ05KC1W)

This BBS does not have the file, only its listing. File contents never travel
the mesh, at any size, so there is nothing to download here.

That BBS's sysop:
    sysop@pnw.example

q back