MeshBBS
------------------------------------------------------------------------------

You are austin  on node 1

  [M] Message areas — read and post
  [F] File areas — browse what is here
  [E] Electronic mail — your private messages
  [C] Chat with everyone online
  [D] Door games
  [W] Who else is online
  [N] This node's identity
  [Q] Quit

Press a highlighted letter. Ctrl+C to disconnect.