MeshBBS
------------------------------------------------------------------------------

You are austin  on node 1

  [M] Message areas — read and post
  [E] Electronic mail — your private messages
  [C] Chat with everyone online
  [W] Who else is online
  [N] This node's identity
  [Q] Quit


Press a highlighted letter. Ctrl+C to disconnect.