Sysop
------------------------------------------------------------------------------

 Users  Areas  Aliases  Status

> general          General discussion   Local to this BBS
  sysop            Announcements from … Local to this BBS
  tech             Radios, antennas, a… Local to this BBS


tab switch · up/down move · f toggle federation · q back